// Jest Snapshot v1, https://goo.gl/fbAQLP

exports[`should DefinitionText match with snapshot 1`] = `
<div>
  <div>
    <span>
      hola
    </span>
  </div>
</div>
`;
