// Jest Snapshot v1, https://goo.gl/fbAQLP

exports[`should ExampleText match with snapshot 1`] = `
<div>
  <div>
    <span
      class="enfasis"
    >
      Example:
    </span>
    <span
      class="example"
    >
      "
      hola
      "
    </span>
  </div>
</div>
`;
